// Jest Snapshot v1, https://goo.gl/fbAQLP

exports[`ProductImg check if src render correct 1`] = `
<img
  alt="description of image"
  className="destination-card-image"
  data-testid="imageID"
  src="https://picsum.photos/1000/300"
/>
`;
