// Jest Snapshot v1, https://goo.gl/fbAQLP

exports[`Label renders correctly 1`] = `
.c2 {
  color: red;
  font-weight: 600;
}

.c0 {
  display: -webkit-box;
  display: -webkit-flex;
  display: -ms-flexbox;
  display: flex;
  -webkit-flex-direction: row;
  -ms-flex-direction: row;
  flex-direction: row;
  margin-top: 10px;
}

.c1 {
  color: #f92a70;
  margin: 0px 5px 0 0;
}

<div
  className="c0"
  data-testid="labelID"
>
  <label
    className="c1"
    data-testid="labelIconID"
  >
     
  </label>
  <span
    className="c2"
    color="red"
    data-testid="labelTitleID"
  >
    title
  </span>
</div>
`;
